U 1 2 3 4 5 6 7
S 1 2 3 4 5 7 9 11 12 13
S 1 2 3 4 5 7 9 10 12 13
U 10 11 4 3
S 1 2 3 5 6 7 8 10 11 13
S 1 2 4 5 6 7 8 10 11 13
S 1 4 6 7 8 9 10 11 12 13
S 1 3 4 6 7 8 9 10 12 13
S 2 3 4 5 6 7 8 9 10 12
