U 1 2 4 5 8 10 15
S 1 2 3 4 5 6 7 8 9 11 12 13 14 15
S 1 2 3 4 5 6 7 9 10 11 12 13 14 15
S 1 2 3 5 7 8 9 10 11 12 13 14 15
S 1 2 3 4 6 7 8 9 10 11 13 14 15
S 1 3 4 5 6 7 8 9 10 11 12 13 14 15
S 1 2 3 4 5 6 7 8 9 10 11 12 13 14
S 2 3 4 5 6 7 8 9 10 11 12 13 14 15
